// Jest Snapshot v1, https://goo.gl/fbAQLP

exports[`render header 1`] = `
<header>
  <h1>
    Bling
  </h1>
  <[object Object]
    activeClassName="is-active"
    exact={true}
    to="/"
  >
    Dashboard
  </[object Object]>
  <[object Object]
    activeClassName="is-active"
    to="/create"
  >
    Add Expense
  </[object Object]>
  <[object Object]
    activeClassName="is-active"
    to="/edit"
  >
    Edit Expense
  </[object Object]>
  <[object Object]
    activeClassName="is-active"
    to="/help"
  >
    Help
  </[object Object]>
</header>
`;
